******************************************************************************
             TMS320C2000 Linker PC v18.1.2                     
******************************************************************************
>> Linked Tue Jan 26 17:51:44 2021

OUTPUT FILE NAME:   <PMSM_QEnconder_Joy_ADC_parallel.out>
ENTRY POINT SYMBOL: "_c_int00"  address: 00339a79


MEMORY CONFIGURATION

         name            origin    length      used     unused   attr    fill
----------------------  --------  ---------  --------  --------  ----  --------
PAGE 0:
  ZONE0                 00004000   00001000  00000000  00001000  RWIX
  RAML0                 00008000   00001000  0000001f  00000fe1  RWIX
  RAML1                 00009000   00001000  00000000  00001000  RWIX
  RAML2                 0000a000   00001000  00000000  00001000  RWIX
  RAML3                 0000b000   00001000  00000000  00001000  RWIX
  ZONE6                 00100000   00100000  00000000  00100000  RWIX
  ZONE7A                00200000   0000fc00  00000000  0000fc00  RWIX
  FLASHH                00300000   00008000  00000000  00008000  RWIX
  FLASHG                00308000   00008000  00000000  00008000  RWIX
  FLASHF                00310000   00008000  00000000  00008000  RWIX
  FLASHE                00318000   00008000  00000000  00008000  RWIX
  FLASHD                00320000   00008000  0000001f  00007fe1  RWIX
  FLASHC                00328000   00008000  00000050  00007fb0  RWIX
  FLASHA                00338000   00007f80  000021a4  00005ddc  RWIX
  CSM_RSVD              0033ff80   00000076  00000000  00000076  RWIX
  BEGIN                 0033fff6   00000002  00000002  00000000  RWIX
  CSM_PWL               0033fff8   00000008  00000000  00000008  RWIX
  ADC_CAL               00380080   00000009  00000007  00000002  RWIX
  OTP                   00380400   00000400  00000000  00000400  RWIX
  IQTABLES              003fe000   00000b50  00000b50  00000000  RWIX
  IQTABLES2             003feb50   0000008c  00000000  0000008c  RWIX
  FPUTABLES             003febdc   000006a0  000006a0  00000000  RWIX
  ROM                   003ff27c   00000d44  00000000  00000d44  RWIX
  RESET                 003fffc0   00000002  00000000  00000002  RWIX
  VECTORS               003fffc2   0000003e  00000000  0000003e  RWIX

PAGE 1:
  BOOT_RSVD             00000000   00000050  00000000  00000050  RWIX
  RAMM0                 00000050   000003b0  00000000  000003b0  RWIX
  RAMM1                 00000400   00000400  00000300  00000100  RWIX
  DEV_EMU               00000880   00000180  000000d0  000000b0  RWIX
  FLASH_REGS            00000a80   00000060  00000008  00000058  RWIX
  CSM                   00000ae0   00000010  00000010  00000000  RWIX
  ADC_MIRROR            00000b00   00000010  00000010  00000000  RWIX
  XINTF                 00000b20   00000020  0000001e  00000002  RWIX
  CPU_TIMER0            00000c00   00000008  00000008  00000000  RWIX
  CPU_TIMER1            00000c08   00000008  00000008  00000000  RWIX
  CPU_TIMER2            00000c10   00000008  00000008  00000000  RWIX
  PIE_CTRL              00000ce0   00000020  0000001a  00000006  RWIX
  PIE_VECT              00000d00   00000100  00000100  00000000  RWIX
  DMA                   00001000   00000200  000000e0  00000120  RWIX
  MCBSPA                00005000   00000040  00000025  0000001b  RWIX
  MCBSPB                00005040   00000040  00000025  0000001b  RWIX
  ECANA                 00006000   00000040  00000034  0000000c  RWIX
  ECANA_LAM             00006040   00000040  00000040  00000000  RWIX
  ECANA_MOTS            00006080   00000040  00000040  00000000  RWIX
  ECANA_MOTO            000060c0   00000040  00000040  00000000  RWIX
  ECANA_MBOX            00006100   00000100  00000100  00000000  RWIX
  ECANB                 00006200   00000040  00000034  0000000c  RWIX
  ECANB_LAM             00006240   00000040  00000040  00000000  RWIX
  ECANB_MOTS            00006280   00000040  00000040  00000000  RWIX
  ECANB_MOTO            000062c0   00000040  00000040  00000000  RWIX
  ECANB_MBOX            00006300   00000100  00000100  00000000  RWIX
  EPWM1                 00006800   00000022  00000022  00000000  RWIX
  EPWM2                 00006840   00000022  00000022  00000000  RWIX
  EPWM3                 00006880   00000022  00000022  00000000  RWIX
  EPWM4                 000068c0   00000022  00000022  00000000  RWIX
  EPWM5                 00006900   00000022  00000022  00000000  RWIX
  EPWM6                 00006940   00000022  00000022  00000000  RWIX
  ECAP1                 00006a00   00000020  00000020  00000000  RWIX
  ECAP2                 00006a20   00000020  00000020  00000000  RWIX
  ECAP3                 00006a40   00000020  00000020  00000000  RWIX
  ECAP4                 00006a60   00000020  00000020  00000000  RWIX
  ECAP5                 00006a80   00000020  00000020  00000000  RWIX
  ECAP6                 00006aa0   00000020  00000020  00000000  RWIX
  EQEP1                 00006b00   00000040  00000040  00000000  RWIX
  EQEP2                 00006b40   00000040  00000040  00000000  RWIX
  GPIOCTRL              00006f80   00000040  0000002e  00000012  RWIX
  GPIODAT               00006fc0   00000020  00000020  00000000  RWIX
  GPIOINT               00006fe0   00000020  0000000a  00000016  RWIX
  SYSTEM                00007010   00000020  00000020  00000000  RWIX
  SPIA                  00007040   00000010  00000010  00000000  RWIX
  SCIA                  00007050   00000010  00000010  00000000  RWIX
  XINTRUPT              00007070   00000010  00000010  00000000  RWIX
  ADC                   00007100   00000020  0000001e  00000002  RWIX
  SCIB                  00007750   00000010  00000010  00000000  RWIX
  SCIC                  00007770   00000010  00000010  00000000  RWIX
  I2CA                  00007900   00000040  00000022  0000001e  RWIX
  RAML4                 0000c000   00001000  0000022b  00000dd5  RWIX
  RAML5                 0000d000   00001000  00000000  00001000  RWIX
  RAML6                 0000e000   00001000  00000000  00001000  RWIX
  RAML7                 0000f000   00001000  00000000  00001000  RWIX
  ZONE7B                0020fc00   00000400  00000000  00000400  RWIX
  FLASHB                00330000   00008000  00000000  00008000  RWIX
  CSM_PWL               0033fff8   00000008  00000008  00000000  RWIX


SECTION ALLOCATION MAP

 output                                  attributes/
section   page    origin      length       input sections
--------  ----  ----------  ----------   ----------------
.cinit     0    00339d23    0000025b     
                  00339d23    00000187     Main_PMSM_QEncoder.obj (.cinit)
                  00339eaa    00000068     KEY.obj (.cinit)
                  00339f12    00000039     ADC_int.obj (.cinit)
                  00339f4b    00000011     EPWM_int.obj (.cinit)
                  00339f5c    0000000e     rts2800_fpu32.lib : exit.c.obj (.cinit)
                  00339f6a    00000008     LCD12864.obj (.cinit)
                  00339f72    00000005     rts2800_fpu32.lib : _lock.c.obj (.cinit:__lock)
                  00339f77    00000005                       : _lock.c.obj (.cinit:__unlock)
                  00339f7c    00000002     --HOLE-- [fill = 0]

.pinit     0    00338000    00000000     UNINITIALIZED

ramfuncs   0    00320000    0000001f     RUN ADDR = 00008000
                  00320000    0000001b     DSP2833x_SysCtrl.obj (ramfuncs)
                  0032001b    00000004     DSP2833x_usDelay.obj (ramfuncs)

.text      0    00338000    00001d23     
                  00338000    000006fa     LCD12864.obj (.text)
                  003386fa    00000323     DSP2833x_DefaultIsr.obj (.text:retain)
                  00338a1d    00000311     KEY.obj (.text)
                  00338d2e    000002f3     Main_PMSM_QEncoder.obj (.text:retain)
                  00339021    0000016f     QEP_encoder.obj (.text)
                  00339190    0000015a     EPWM_int.obj (.text)
                  003392ea    0000013b     GPIO_int.obj (.text)
                  00339425    00000136     ADC_int.obj (.text)
                  0033955b    000000f8     DSP2833x_SysCtrl.obj (.text)
                  00339653    000000d7     Svpwm_dq.obj (.text)
                  0033972a    00000094     PI_Cale.obj (.text)
                  003397be    00000088     Axis_transform.obj (.text)
                  00339846    00000087     Main_PMSM_QEncoder.obj (.text)
                  003398cd    00000083     rts2800_fpu32.lib : fd_mpy28.asm.obj (.text)
                  00339950    00000072     Task_function.obj (.text)
                  003399c2    00000060     Spi.obj (.text)
                  00339a22    00000057     SCI_RS232.obj (.text)
                  00339a79    00000056     rts2800_fpu32.lib : boot28.asm.obj (.text)
                  00339acf    0000004f     rts2800_fpu32_fast_supplement.lib : atan2_f32.obj (.text)
                  00339b1e    0000003c     Timer_function.obj (.text)
                  00339b5a    0000002e     SCI_RS232.obj (.text:retain)
                  00339b88    0000002a     rts2800_fpu32.lib : l_div28.asm.obj (.text)
                  00339bb2    00000029                       : exit.c.obj (.text)
                  00339bdb    00000028     DSP2833x_PieCtrl.obj (.text)
                  00339c03    00000024     rts2800_fpu32.lib : cpy_tbl.c.obj (.text)
                  00339c27    00000022                       : i_div28.asm.obj (.text)
                  00339c49    00000020     DSP2833x_PieVect.obj (.text)
                  00339c69    0000001f     rts2800_fpu32.lib : fd_tol28.asm.obj (.text)
                  00339c88    0000001e                       : memcpy.c.obj (.text)
                  00339ca6    0000001c                       : fs_tofdfpu32.asm.obj (.text)
                  00339cc2    00000019                       : args_main.c.obj (.text)
                  00339cdb    00000019     rts2800_fpu32_fast_supplement.lib : div_f32.obj (.text)
                  00339cf4    00000013     DSP2833x_MemCopy.obj (.text)
                  00339d07    00000009     rts2800_fpu32.lib : _lock.c.obj (.text)
                  00339d10    00000008     DSP2833x_CodeStartBranch.obj (.text)
                  00339d18    00000008     rts2800_fpu32.lib : strlen.c.obj (.text)
                  00339d20    00000002                       : pre_init.c.obj (.text)
                  00339d22    00000001                       : startup.c.obj (.text)

codestart 
*          0    0033fff6    00000002     
                  0033fff6    00000002     DSP2833x_CodeStartBranch.obj (codestart)

.stack     1    00000400    00000300     UNINITIALIZED
                  00000400    00000300     --HOLE--

.ebss      1    0000c000    0000022b     UNINITIALIZED
                  0000c000    000001a0     Main_PMSM_QEncoder.obj (.ebss)
                  0000c1a0    00000018     DSP2833x_CpuTimers.obj (.ebss)
                  0000c1b8    00000006     EPWM_int.obj (.ebss)
                  0000c1be    00000002     LCD12864.obj (.ebss)
                  0000c1c0    00000030     ADC_int.obj (.ebss)
                  0000c1f0    00000006     rts2800_fpu32.lib : exit.c.obj (.ebss)
                  0000c1f6    00000002                       : _lock.c.obj (.ebss:__lock)
                  0000c1f8    00000002                       : _lock.c.obj (.ebss:__unlock)
                  0000c1fa    00000006     --HOLE--
                  0000c200    0000002b     KEY.obj (.ebss)

.econst    0    00339f7e    00000226     
                  00339f7e    00000100     DSP2833x_PieVect.obj (.econst:_PieVectTableInit)
                  0033a07e    000000de     KEY.obj (.econst:.string)
                  0033a15c    00000040     LCD12864.obj (.econst:.string:_DrawR)
                  0033a19c    00000008     QEP_encoder.obj (.econst)

IQmath     0    00328000    00000050     
                  00328000    00000029     IQmath_fpu32.lib : IQ24sinPU.obj (IQmath)
                  00328029    00000027                      : IQ24cosPU.obj (IQmath)

IQmathTables 
*          0    003fe000    00000b50     NOLOAD SECTION
                  003fe000    00000b50     IQmath_fpu32.lib : IQmathTables.obj (IQmathTables)

FPUmathTables 
*          0    003febdc    000006a0     NOLOAD SECTION
                  003febdc    000006a0     rts2800_fpu32_fast_supplement.lib : FPUmathTables.obj (FPUmathTables)

.reset     0    003fffc0    00000002     DSECT
                  003fffc0    00000002     rts2800_fpu32.lib : boot28.asm.obj (.reset)

vectors    0    003fffc2    00000000     DSECT

.adc_cal   0    00380080    00000007     NOLOAD SECTION
                  00380080    00000007     DSP2833x_ADC_cal.obj (.adc_cal)

DevEmuRegsFile 
*          1    00000880    000000d0     UNINITIALIZED
                  00000880    000000d0     DSP2833x_GlobalVariableDefs.obj (DevEmuRegsFile)

FlashRegsFile 
*          1    00000a80    00000008     UNINITIALIZED
                  00000a80    00000008     DSP2833x_GlobalVariableDefs.obj (FlashRegsFile)

CsmRegsFile 
*          1    00000ae0    00000010     UNINITIALIZED
                  00000ae0    00000010     DSP2833x_GlobalVariableDefs.obj (CsmRegsFile)

AdcMirrorFile 
*          1    00000b00    00000010     UNINITIALIZED
                  00000b00    00000010     DSP2833x_GlobalVariableDefs.obj (AdcMirrorFile)

XintfRegsFile 
*          1    00000b20    0000001e     UNINITIALIZED
                  00000b20    0000001e     DSP2833x_GlobalVariableDefs.obj (XintfRegsFile)

CpuTimer0RegsFile 
*          1    00000c00    00000008     UNINITIALIZED
                  00000c00    00000008     DSP2833x_GlobalVariableDefs.obj (CpuTimer0RegsFile)

CpuTimer1RegsFile 
*          1    00000c08    00000008     UNINITIALIZED
                  00000c08    00000008     DSP2833x_GlobalVariableDefs.obj (CpuTimer1RegsFile)

CpuTimer2RegsFile 
*          1    00000c10    00000008     UNINITIALIZED
                  00000c10    00000008     DSP2833x_GlobalVariableDefs.obj (CpuTimer2RegsFile)

PieCtrlRegsFile 
*          1    00000ce0    0000001a     UNINITIALIZED
                  00000ce0    0000001a     DSP2833x_GlobalVariableDefs.obj (PieCtrlRegsFile)

PieVectTableFile 
*          1    00000d00    00000100     UNINITIALIZED
                  00000d00    00000100     DSP2833x_GlobalVariableDefs.obj (PieVectTableFile)

DmaRegsFile 
*          1    00001000    000000e0     UNINITIALIZED
                  00001000    000000e0     DSP2833x_GlobalVariableDefs.obj (DmaRegsFile)

McbspaRegsFile 
*          1    00005000    00000025     UNINITIALIZED
                  00005000    00000025     DSP2833x_GlobalVariableDefs.obj (McbspaRegsFile)

McbspbRegsFile 
*          1    00005040    00000025     UNINITIALIZED
                  00005040    00000025     DSP2833x_GlobalVariableDefs.obj (McbspbRegsFile)

ECanaRegsFile 
*          1    00006000    00000034     UNINITIALIZED
                  00006000    00000034     DSP2833x_GlobalVariableDefs.obj (ECanaRegsFile)

ECanaLAMRegsFile 
*          1    00006040    00000040     UNINITIALIZED
                  00006040    00000040     DSP2833x_GlobalVariableDefs.obj (ECanaLAMRegsFile)

ECanaMOTSRegsFile 
*          1    00006080    00000040     UNINITIALIZED
                  00006080    00000040     DSP2833x_GlobalVariableDefs.obj (ECanaMOTSRegsFile)

ECanaMOTORegsFile 
*          1    000060c0    00000040     UNINITIALIZED
                  000060c0    00000040     DSP2833x_GlobalVariableDefs.obj (ECanaMOTORegsFile)

ECanaMboxesFile 
*          1    00006100    00000100     UNINITIALIZED
                  00006100    00000100     DSP2833x_GlobalVariableDefs.obj (ECanaMboxesFile)

ECanbRegsFile 
*          1    00006200    00000034     UNINITIALIZED
                  00006200    00000034     DSP2833x_GlobalVariableDefs.obj (ECanbRegsFile)

ECanbLAMRegsFile 
*          1    00006240    00000040     UNINITIALIZED
                  00006240    00000040     DSP2833x_GlobalVariableDefs.obj (ECanbLAMRegsFile)

ECanbMOTSRegsFile 
*          1    00006280    00000040     UNINITIALIZED
                  00006280    00000040     DSP2833x_GlobalVariableDefs.obj (ECanbMOTSRegsFile)

ECanbMOTORegsFile 
*          1    000062c0    00000040     UNINITIALIZED
                  000062c0    00000040     DSP2833x_GlobalVariableDefs.obj (ECanbMOTORegsFile)

ECanbMboxesFile 
*          1    00006300    00000100     UNINITIALIZED
                  00006300    00000100     DSP2833x_GlobalVariableDefs.obj (ECanbMboxesFile)

EPwm1RegsFile 
*          1    00006800    00000022     UNINITIALIZED
                  00006800    00000022     DSP2833x_GlobalVariableDefs.obj (EPwm1RegsFile)

EPwm2RegsFile 
*          1    00006840    00000022     UNINITIALIZED
                  00006840    00000022     DSP2833x_GlobalVariableDefs.obj (EPwm2RegsFile)

EPwm3RegsFile 
*          1    00006880    00000022     UNINITIALIZED
                  00006880    00000022     DSP2833x_GlobalVariableDefs.obj (EPwm3RegsFile)

EPwm4RegsFile 
*          1    000068c0    00000022     UNINITIALIZED
                  000068c0    00000022     DSP2833x_GlobalVariableDefs.obj (EPwm4RegsFile)

EPwm5RegsFile 
*          1    00006900    00000022     UNINITIALIZED
                  00006900    00000022     DSP2833x_GlobalVariableDefs.obj (EPwm5RegsFile)

EPwm6RegsFile 
*          1    00006940    00000022     UNINITIALIZED
                  00006940    00000022     DSP2833x_GlobalVariableDefs.obj (EPwm6RegsFile)

ECap1RegsFile 
*          1    00006a00    00000020     UNINITIALIZED
                  00006a00    00000020     DSP2833x_GlobalVariableDefs.obj (ECap1RegsFile)

ECap2RegsFile 
*          1    00006a20    00000020     UNINITIALIZED
                  00006a20    00000020     DSP2833x_GlobalVariableDefs.obj (ECap2RegsFile)

ECap3RegsFile 
*          1    00006a40    00000020     UNINITIALIZED
                  00006a40    00000020     DSP2833x_GlobalVariableDefs.obj (ECap3RegsFile)

ECap4RegsFile 
*          1    00006a60    00000020     UNINITIALIZED
                  00006a60    00000020     DSP2833x_GlobalVariableDefs.obj (ECap4RegsFile)

ECap5RegsFile 
*          1    00006a80    00000020     UNINITIALIZED
                  00006a80    00000020     DSP2833x_GlobalVariableDefs.obj (ECap5RegsFile)

ECap6RegsFile 
*          1    00006aa0    00000020     UNINITIALIZED
                  00006aa0    00000020     DSP2833x_GlobalVariableDefs.obj (ECap6RegsFile)

EQep1RegsFile 
*          1    00006b00    00000040     UNINITIALIZED
                  00006b00    00000040     DSP2833x_GlobalVariableDefs.obj (EQep1RegsFile)

EQep2RegsFile 
*          1    00006b40    00000040     UNINITIALIZED
                  00006b40    00000040     DSP2833x_GlobalVariableDefs.obj (EQep2RegsFile)

GpioCtrlRegsFile 
*          1    00006f80    0000002e     UNINITIALIZED
                  00006f80    0000002e     DSP2833x_GlobalVariableDefs.obj (GpioCtrlRegsFile)

GpioDataRegsFile 
*          1    00006fc0    00000020     UNINITIALIZED
                  00006fc0    00000020     DSP2833x_GlobalVariableDefs.obj (GpioDataRegsFile)

GpioIntRegsFile 
*          1    00006fe0    0000000a     UNINITIALIZED
                  00006fe0    0000000a     DSP2833x_GlobalVariableDefs.obj (GpioIntRegsFile)

SysCtrlRegsFile 
*          1    00007010    00000020     UNINITIALIZED
                  00007010    00000020     DSP2833x_GlobalVariableDefs.obj (SysCtrlRegsFile)

SpiaRegsFile 
*          1    00007040    00000010     UNINITIALIZED
                  00007040    00000010     DSP2833x_GlobalVariableDefs.obj (SpiaRegsFile)

SciaRegsFile 
*          1    00007050    00000010     UNINITIALIZED
                  00007050    00000010     DSP2833x_GlobalVariableDefs.obj (SciaRegsFile)

XIntruptRegsFile 
*          1    00007070    00000010     UNINITIALIZED
                  00007070    00000010     DSP2833x_GlobalVariableDefs.obj (XIntruptRegsFile)

AdcRegsFile 
*          1    00007100    0000001e     UNINITIALIZED
                  00007100    0000001e     DSP2833x_GlobalVariableDefs.obj (AdcRegsFile)

ScibRegsFile 
*          1    00007750    00000010     UNINITIALIZED
                  00007750    00000010     DSP2833x_GlobalVariableDefs.obj (ScibRegsFile)

ScicRegsFile 
*          1    00007770    00000010     UNINITIALIZED
                  00007770    00000010     DSP2833x_GlobalVariableDefs.obj (ScicRegsFile)

I2caRegsFile 
*          1    00007900    00000022     UNINITIALIZED
                  00007900    00000022     DSP2833x_GlobalVariableDefs.obj (I2caRegsFile)

CsmPwlFile 
*          1    0033fff8    00000008     UNINITIALIZED
                  0033fff8    00000008     DSP2833x_GlobalVariableDefs.obj (CsmPwlFile)

MODULE SUMMARY

       Module                            code   initialized data   uninitialized data
       ------                            ----   ----------------   ------------------
    .\TISource\
       DSP2833x_GlobalVariableDefs.obj   0      0                  2678              
       DSP2833x_DefaultIsr.obj           803    0                  0                 
       DSP2833x_SysCtrl.obj              302    0                  0                 
       DSP2833x_PieVect.obj              32     256                0                 
       DSP2833x_PieCtrl.obj              40     0                  0                 
       DSP2833x_CpuTimers.obj            0      0                  24                
       DSP2833x_MemCopy.obj              19     0                  0                 
       DSP2833x_CodeStartBranch.obj      10     0                  0                 
       DSP2833x_usDelay.obj              8      0                  0                 
       DSP2833x_ADC_cal.obj              7      0                  0                 
    +--+---------------------------------+------+------------------+--------------------+
       Total:                            1221   256                2702              
                                                                                     
    .\User_program\
       LCD12864.obj                      1786   72                 2                 
       Main_PMSM_QEncoder.obj            890    391                416               
       KEY.obj                           785    326                43                
       ADC_int.obj                       310    57                 48                
       QEP_encoder.obj                   367    8                  0                 
       EPWM_int.obj                      346    17                 6                 
       GPIO_int.obj                      315    0                  0                 
       Svpwm_dq.obj                      215    0                  0                 
       PI_Cale.obj                       148    0                  0                 
       Axis_transform.obj                136    0                  0                 
       SCI_RS232.obj                     133    0                  0                 
       Task_function.obj                 114    0                  0                 
       Spi.obj                           96     0                  0                 
       Timer_function.obj                60     0                  0                 
    +--+---------------------------------+------+------------------+--------------------+
       Total:                            5701   871                515               
                                                                                     
    ../TI_lib/IQmath_fpu32.lib
       IQmathTables.obj                  0      2896               0                 
       IQ24sinPU.obj                     41     0                  0                 
       IQ24cosPU.obj                     39     0                  0                 
    +--+---------------------------------+------+------------------+--------------------+
       Total:                            80     2896               0                 
                                                                                     
    ../TI_lib/rts2800_fpu32_fast_supplement.lib
       FPUmathTables.obj                 0      1696               0                 
       atan2_f32.obj                     79     0                  0                 
       div_f32.obj                       25     0                  0                 
    +--+---------------------------------+------+------------------+--------------------+
       Total:                            104    1696               0                 
                                                                                     
    C:\ti\ccsv8\tools\compiler\ti-cgt-c2000_18.1.2.LTS\lib\rts2800_fpu32.lib
       fd_mpy28.asm.obj                  131    0                  0                 
       boot28.asm.obj                    86     0                  0                 
       exit.c.obj                        41     14                 6                 
       l_div28.asm.obj                   42     0                  0                 
       cpy_tbl.c.obj                     36     0                  0                 
       i_div28.asm.obj                   34     0                  0                 
       fd_tol28.asm.obj                  31     0                  0                 
       memcpy.c.obj                      30     0                  0                 
       fs_tofdfpu32.asm.obj              28     0                  0                 
       args_main.c.obj                   25     0                  0                 
       _lock.c.obj                       9      10                 4                 
       strlen.c.obj                      8      0                  0                 
       pre_init.c.obj                    2      0                  0                 
       startup.c.obj                     1      0                  0                 
    +--+---------------------------------+------+------------------+--------------------+
       Total:                            504    24                 10                
                                                                                     
       Stack:                            0      0                  768               
    +--+---------------------------------+------+------------------+--------------------+
       Grand Total:                      7610   5743               3995              


GLOBAL DATA SYMBOLS: SORTED BY DATA PAGE

address     data page           name
--------    ----------------    ----
00000400      10 (00000400)     __stack

00000880      22 (00000880)     _DevEmuRegs

00000a80      2a (00000a80)     _FlashRegs

00000ae0      2b (00000ac0)     _CsmRegs

00000b00      2c (00000b00)     _AdcMirror
00000b20      2c (00000b00)     _XintfRegs

00000c00      30 (00000c00)     _CpuTimer0Regs
00000c08      30 (00000c00)     _CpuTimer1Regs
00000c10      30 (00000c00)     _CpuTimer2Regs

00000ce0      33 (00000cc0)     _PieCtrlRegs

00000d00      34 (00000d00)     _PieVectTable

00001000      40 (00001000)     _DmaRegs

00005000     140 (00005000)     _McbspaRegs

00005040     141 (00005040)     _McbspbRegs

00006000     180 (00006000)     _ECanaRegs

00006040     181 (00006040)     _ECanaLAMRegs

00006080     182 (00006080)     _ECanaMOTSRegs

000060c0     183 (000060c0)     _ECanaMOTORegs

00006100     184 (00006100)     _ECanaMboxes

00006200     188 (00006200)     _ECanbRegs

00006240     189 (00006240)     _ECanbLAMRegs

00006280     18a (00006280)     _ECanbMOTSRegs

000062c0     18b (000062c0)     _ECanbMOTORegs

00006300     18c (00006300)     _ECanbMboxes

00006800     1a0 (00006800)     _EPwm1Regs

00006840     1a1 (00006840)     _EPwm2Regs

00006880     1a2 (00006880)     _EPwm3Regs

000068c0     1a3 (000068c0)     _EPwm4Regs

00006900     1a4 (00006900)     _EPwm5Regs

00006940     1a5 (00006940)     _EPwm6Regs

00006a00     1a8 (00006a00)     _ECap1Regs
00006a20     1a8 (00006a00)     _ECap2Regs

00006a40     1a9 (00006a40)     _ECap3Regs
00006a60     1a9 (00006a40)     _ECap4Regs

00006a80     1aa (00006a80)     _ECap5Regs
00006aa0     1aa (00006a80)     _ECap6Regs

00006b00     1ac (00006b00)     _EQep1Regs

00006b40     1ad (00006b40)     _EQep2Regs

00006f80     1be (00006f80)     _GpioCtrlRegs

00006fc0     1bf (00006fc0)     _GpioDataRegs
00006fe0     1bf (00006fc0)     _GpioIntRegs

00007010     1c0 (00007000)     _SysCtrlRegs

00007040     1c1 (00007040)     _SpiaRegs
00007050     1c1 (00007040)     _SciaRegs
00007070     1c1 (00007040)     _XIntruptRegs

00007100     1c4 (00007100)     _AdcRegs

00007750     1dd (00007740)     _ScibRegs
00007770     1dd (00007740)     _ScicRegs

00007900     1e4 (00007900)     _I2caRegs

0000c000     300 (0000c000)     _PWMStart_Flag
0000c001     300 (0000c000)     _BUS_Curr
0000c002     300 (0000c000)     _BUS_Curr1
0000c004     300 (0000c000)     _Angle_Max
0000c006     300 (0000c000)     _test_var
0000c008     300 (0000c000)     _Angle_Min
0000c00a     300 (0000c000)     _fix_var
0000c00c     300 (0000c000)     _FilK2
0000c00e     300 (0000c000)     _FilK1
0000c010     300 (0000c000)     _Fluxgate_Angle
0000c012     300 (0000c000)     _logicContr
0000c01a     300 (0000c000)     _ClarkeI
0000c024     300 (0000c000)     _TaskTimePare
0000c032     300 (0000c000)     _ParkI

0000c040     301 (0000c040)     _IparkU
0000c04e     301 (0000c040)     _KEYPare
0000c05e     301 (0000c040)     _Str3
0000c06f     301 (0000c040)     _Str1

0000c080     302 (0000c080)     _Str2
0000c092     302 (0000c080)     _Svpwmdq
0000c0a4     302 (0000c080)     _SVPWM_Control

0000c0c0     303 (0000c0c0)     _Speed_QEPPare
0000c0d4     303 (0000c0c0)     _EQEPPare

0000c100     304 (0000c100)     _pi_id
0000c118     304 (0000c100)     _pi_iq

0000c140     305 (0000c140)     _pi_spd
0000c158     305 (0000c140)     _TestPare

0000c180     306 (0000c180)     _ADCSampPare
0000c1a0     306 (0000c180)     _CpuTimer1
0000c1a8     306 (0000c180)     _CpuTimer2
0000c1b0     306 (0000c180)     _CpuTimer0
0000c1b8     306 (0000c180)     _PWM_HalfPerMax
0000c1b9     306 (0000c180)     _PWM_Deadband
0000c1ba     306 (0000c180)     _PWM_PeriodMax
0000c1bc     306 (0000c180)     _T
0000c1be     306 (0000c180)     _Str_Length
0000c1bf     306 (0000c180)     _y1old

0000c1c0     307 (0000c1c0)     _ChSel
0000c1d0     307 (0000c1c0)     _ACQPS
0000c1e0     307 (0000c1c0)     _TrigSel
0000c1f0     307 (0000c1c0)     ___TI_enable_exit_profile_output
0000c1f2     307 (0000c1c0)     ___TI_cleanup_ptr
0000c1f4     307 (0000c1c0)     ___TI_dtors_ptr
0000c1f6     307 (0000c1c0)     __lock
0000c1f8     307 (0000c1c0)     __unlock

0000c200     308 (0000c200)     _ShowTHrL2_0
0000c201     308 (0000c200)     _ShowTHrL2_1
0000c202     308 (0000c200)     _ShowTHrL1_3
0000c203     308 (0000c200)     _ShowTHrL1_1
0000c204     308 (0000c200)     _ShowTHrL1_2
0000c205     308 (0000c200)     _ShowTHrL1_0
0000c206     308 (0000c200)     _ShowTWoL1Old
0000c207     308 (0000c200)     _ShowTWoL2Old
0000c208     308 (0000c200)     _MainPOld
0000c209     308 (0000c200)     _ShowTHrL2_3
0000c20a     308 (0000c200)     _NumR
0000c20b     308 (0000c200)     _ShowTHrL2_2
0000c20c     308 (0000c200)     _ShowTop
0000c20d     308 (0000c200)     _MenuMNold
0000c20e     308 (0000c200)     _ShowTWoL1
0000c20f     308 (0000c200)     _MenuMN
0000c210     308 (0000c200)     _aim
0000c211     308 (0000c200)     _ShowTWoL0
0000c212     308 (0000c200)     _MenuXY
0000c213     308 (0000c200)     _ShowTHrL0_1
0000c214     308 (0000c200)     _ShowTHrL0_0
0000c215     308 (0000c200)     _ShowTHrL0_3
0000c216     308 (0000c200)     _ShowTWoL2
0000c217     308 (0000c200)     _ShowTWoL3
0000c218     308 (0000c200)     _ShowTHrL0_2
0000c219     308 (0000c200)     _ShowTWoL6
0000c21a     308 (0000c200)     _pBuf

00339f7e    ce7d (00339f40)     _PieVectTableInit

0033a15c    ce85 (0033a140)     _DrawR

0033fff8    cfff (0033ffc0)     _CsmPwl

003fe000    ff80 (003fe000)     _IQsinTable

003fe100    ff84 (003fe100)     _IQcosTable

003fe400    ff90 (003fe400)     _IQsinTableEnd

003fe502    ff94 (003fe500)     _IQcosTableEnd
003fe502    ff94 (003fe500)     _IQdivRoundSatTable
003fe510    ff94 (003fe500)     _IQdivTable

003fe712    ff9c (003fe700)     _IQdivTableEnd
003fe712    ff9c (003fe700)     _IQisqrtRoundSatTable
003fe712    ff9c (003fe700)     _IQsqrtRoundSatTable
003fe722    ff9c (003fe700)     _IQisqrtTable
003fe722    ff9c (003fe700)     _IQsqrtTable

003fe824    ffa0 (003fe800)     _IQatan2HalfPITable
003fe824    ffa0 (003fe800)     _IQisqrtTableEnd
003fe824    ffa0 (003fe800)     _IQsqrtTableEnd

003fe862    ffa1 (003fe840)     _IQatan2Table

003fe9e8    ffa7 (003fe9c0)     _IQ30mpyRndSatTable
003fe9e8    ffa7 (003fe9c0)     _IQatan2TableEnd
003fe9e8    ffa7 (003fe9c0)     _IQmpyRndSatTable
003fe9f4    ffa7 (003fe9c0)     _IQ29mpyRndSatTable

003fea00    ffa8 (003fea00)     _IQ28mpyRndSatTable
003fea0c    ffa8 (003fea00)     _IQ27mpyRndSatTable
003fea18    ffa8 (003fea00)     _IQ26mpyRndSatTable
003fea24    ffa8 (003fea00)     _IQ25mpyRndSatTable
003fea30    ffa8 (003fea00)     _IQ24mpyRndSatTable
003fea3c    ffa8 (003fea00)     _IQ23mpyRndSatTable

003fea48    ffa9 (003fea40)     _IQ22mpyRndSatTable
003fea54    ffa9 (003fea40)     _IQ21mpyRndSatTable
003fea60    ffa9 (003fea40)     _IQ20mpyRndSatTable
003fea6c    ffa9 (003fea40)     _IQ19mpyRndSatTable
003fea78    ffa9 (003fea40)     _IQ18mpyRndSatTable

003fea84    ffaa (003fea80)     _IQ17mpyRndSatTable
003fea90    ffaa (003fea80)     _IQ16mpyRndSatTable
003fea9c    ffaa (003fea80)     _IQ15mpyRndSatTable
003feaa8    ffaa (003fea80)     _IQ14mpyRndSatTable
003feab4    ffaa (003fea80)     _IQ13mpyRndSatTable

003feac0    ffab (003feac0)     _IQ12mpyRndSatTable
003feacc    ffab (003feac0)     _IQ11mpyRndSatTable
003fead8    ffab (003feac0)     _IQ10mpyRndSatTable
003feae4    ffab (003feac0)     _IQ9mpyRndSatTable
003feaf0    ffab (003feac0)     _IQ8mpyRndSatTable
003feafc    ffab (003feac0)     _IQ7mpyRndSatTable

003feb08    ffac (003feb00)     _IQ6mpyRndSatTable
003feb14    ffac (003feb00)     _IQ5mpyRndSatTable
003feb20    ffac (003feb00)     _IQ4mpyRndSatTable
003feb2c    ffac (003feb00)     _IQ3mpyRndSatTable
003feb38    ffac (003feb00)     _IQ2mpyRndSatTable

003feb44    ffad (003feb40)     _IQ1mpyRndSatTable
003feb50    ffad (003feb40)     _IQmpyRndSatTableEnd

003febdc    ffaf (003febc0)     _FPUsinTable

003fecdc    ffb3 (003fecc0)     _FPUcosTable

003fefdc    ffbf (003fefc0)     _FPUsinTableEnd

003ff0de    ffc3 (003ff0c0)     _FPUatan2HalfPITable
003ff0de    ffc3 (003ff0c0)     _FPUcosTableEnd
003ff0e2    ffc3 (003ff0c0)     _FPUatan2Table

003ff268    ffc9 (003ff240)     _FPUatan2TableEnd


GLOBAL SYMBOLS: SORTED ALPHABETICALLY BY Name 

page  address   name                            
----  -------   ----                            
0     00338000  .text                           
0     00339bb2  C$$EXIT                         
0     003398cd  FD$$MPY                         
0     00339c69  FD$$TOL                         
0     00339cdb  FS$$DIV                         
0     00339ca6  FS$$TOFD                        
0     00339c27  I$$DIV                          
0     00339c38  I$$MOD                          
0     00339b88  L$$DIV                          
0     00339b97  L$$MOD                          
0     00339ba5  UL$$DIV                         
0     00339bac  UL$$MOD                         
1     0000c1d0  _ACQPS                          
0     003387e0  _ADCINT_ISR                     
1     0000c180  _ADCSampPare                    
0     00339425  _ADC_MACRO_INIT                 
0     003394ba  _ADC_SOC_int                    
0     003394d7  _ADC_Sample                     
0     00380080  _ADC_cal                        
1     00000b00  _AdcMirror                      
1     00007100  _AdcRegs                        
1     0000c004  _Angle_Max                      
1     0000c008  _Angle_Min                      
1     0000c001  _BUS_Curr                       
1     0000c002  _BUS_Curr1                      
0     0033815b  _Buy_Read                       
0     003397be  _CLARKE_Cale                    
0     00339b52  _CLEAR_flag                     
1     0000c1c0  _ChSel                          
1     0000c01a  _ClarkeI                        
1     0000c1b0  _CpuTimer0                      
1     00000c00  _CpuTimer0Regs                  
1     0000c1a0  _CpuTimer1                      
1     00000c08  _CpuTimer1Regs                  
1     0000c1a8  _CpuTimer2                      
1     00000c10  _CpuTimer2Regs                  
1     0033fff8  _CsmPwl                         
1     00000ae0  _CsmRegs                        
0     00339622  _CsmUnlock                      
0     0033870e  _DATALOG_ISR                    
0     00338902  _DINTCH1_ISR                    
0     0033890c  _DINTCH2_ISR                    
0     00338916  _DINTCH3_ISR                    
0     00338920  _DINTCH4_ISR                    
0     0033892a  _DINTCH5_ISR                    
0     00338934  _DINTCH6_ISR                    
0     0000801b  _DSP28x_usDelay                 
1     00000880  _DevEmuRegs                     
0     0033956e  _DisableDog                     
1     00001000  _DmaRegs                        
0     0033a15c  _DrawR                          
0     0033898e  _ECAN0INTA_ISR                  
0     003389a2  _ECAN0INTB_ISR                  
0     00338998  _ECAN1INTA_ISR                  
0     003389ac  _ECAN1INTB_ISR                  
0     00338876  _ECAP1_INT_ISR                  
0     00338880  _ECAP2_INT_ISR                  
0     0033888a  _ECAP3_INT_ISR                  
0     00338894  _ECAP4_INT_ISR                  
0     0033889e  _ECAP5_INT_ISR                  
0     003388a8  _ECAP6_INT_ISR                  
1     00006040  _ECanaLAMRegs                   
1     000060c0  _ECanaMOTORegs                  
1     00006080  _ECanaMOTSRegs                  
1     00006100  _ECanaMboxes                    
1     00006000  _ECanaRegs                      
1     00006240  _ECanbLAMRegs                   
1     000062c0  _ECanbMOTORegs                  
1     00006280  _ECanbMOTSRegs                  
1     00006300  _ECanbMboxes                    
1     00006200  _ECanbRegs                      
1     00006a00  _ECap1Regs                      
1     00006a20  _ECap2Regs                      
1     00006a40  _ECap3Regs                      
1     00006a60  _ECap4Regs                      
1     00006a80  _ECap5Regs                      
1     00006aa0  _ECap6Regs                      
0     003389fc  _EMPTY_ISR                      
0     00338722  _EMUINT_ISR                     
0     0033883a  _EPWM1_INT_ISR                  
0     003387fe  _EPWM1_TZINT_ISR                
0     00338844  _EPWM2_INT_ISR                  
0     00338808  _EPWM2_TZINT_ISR                
0     0033884e  _EPWM3_INT_ISR                  
0     00338812  _EPWM3_TZINT_ISR                
0     00339190  _EPWM3_int                      
0     00338858  _EPWM4_INT_ISR                  
0     0033881c  _EPWM4_TZINT_ISR                
0     00338862  _EPWM5_INT_ISR                  
0     00338826  _EPWM5_TZINT_ISR                
0     0033886c  _EPWM6_INT_ISR                  
0     00338830  _EPWM6_TZINT_ISR                
1     00006800  _EPwm1Regs                      
1     00006840  _EPwm2Regs                      
1     00006880  _EPwm3Regs                      
1     000068c0  _EPwm4Regs                      
1     00006900  _EPwm5Regs                      
1     00006940  _EPwm6Regs                      
0     003388b2  _EQEP1_INT_ISR                  
0     003388bc  _EQEP2_INT_ISR                  
1     0000c0d4  _EQEPPare                       
1     00006b00  _EQep1Regs                      
1     00006b40  _EQep2Regs                      
0     00339bfa  _EnableInterrupts               
0     003ff0de  _FPUatan2HalfPITable            
0     003ff0e2  _FPUatan2Table                  
0     003ff268  _FPUatan2TableEnd               
0     003fecdc  _FPUcosTable                    
0     003ff0de  _FPUcosTableEnd                 
0     003febdc  _FPUsinTable                    
0     003fefdc  _FPUsinTableEnd                 
1     0000c00e  _FilK1                          
1     0000c00c  _FilK2                          
1     00000a80  _FlashRegs                      
1     0000c010  _Fluxgate_Angle                 
1     00006f80  _GpioCtrlRegs                   
1     00006fc0  _GpioDataRegs                   
1     00006fe0  _GpioIntRegs                    
0     00339229  _HVDMC_Protection               
0     0033893e  _I2CINT1A_ISR                   
0     00338948  _I2CINT2A_ISR                   
1     00007900  _I2caRegs                       
0     00338736  _ILLEGAL_ISR                    
0     003386fa  _INT13_ISR                      
0     00338704  _INT14_ISR                      
0     0033980c  _IPARK_Cale                     
0     003fead8  _IQ10mpyRndSatTable             
0     003feacc  _IQ11mpyRndSatTable             
0     003feac0  _IQ12mpyRndSatTable             
0     003feab4  _IQ13mpyRndSatTable             
0     003feaa8  _IQ14mpyRndSatTable             
0     003fea9c  _IQ15mpyRndSatTable             
0     003fea90  _IQ16mpyRndSatTable             
0     003fea84  _IQ17mpyRndSatTable             
0     003fea78  _IQ18mpyRndSatTable             
0     003fea6c  _IQ19mpyRndSatTable             
0     003feb44  _IQ1mpyRndSatTable              
0     003fea60  _IQ20mpyRndSatTable             
0     003fea54  _IQ21mpyRndSatTable             
0     003fea48  _IQ22mpyRndSatTable             
0     003fea3c  _IQ23mpyRndSatTable             
0     003fea30  _IQ24mpyRndSatTable             
0     003fea24  _IQ25mpyRndSatTable             
0     003fea18  _IQ26mpyRndSatTable             
0     003fea0c  _IQ27mpyRndSatTable             
0     003fea00  _IQ28mpyRndSatTable             
0     003fe9f4  _IQ29mpyRndSatTable             
0     003feb38  _IQ2mpyRndSatTable              
0     003fe9e8  _IQ30mpyRndSatTable             
0     003feb2c  _IQ3mpyRndSatTable              
0     003feb20  _IQ4mpyRndSatTable              
0     003feb14  _IQ5mpyRndSatTable              
0     003feb08  _IQ6mpyRndSatTable              
0     003feafc  _IQ7mpyRndSatTable              
0     003feaf0  _IQ8mpyRndSatTable              
0     003feae4  _IQ9mpyRndSatTable              
0     003fe824  _IQatan2HalfPITable             
0     003fe862  _IQatan2Table                   
0     003fe9e8  _IQatan2TableEnd                
0     003fe100  _IQcosTable                     
0     003fe502  _IQcosTableEnd                  
0     003fe502  _IQdivRoundSatTable             
0     003fe510  _IQdivTable                     
0     003fe712  _IQdivTableEnd                  
0     003fe712  _IQisqrtRoundSatTable           
0     003fe722  _IQisqrtTable                   
0     003fe824  _IQisqrtTableEnd                
0     003fe9e8  _IQmpyRndSatTable               
0     003feb50  _IQmpyRndSatTableEnd            
0     003fe000  _IQsinTable                     
0     003fe400  _IQsinTableEnd                  
0     003fe712  _IQsqrtRoundSatTable            
0     003fe722  _IQsqrtTable                    
0     003fe824  _IQsqrtTableEnd                 
0     00008000  _InitFlash                      
0     003395c7  _InitPeripheralClocks           
0     00339bdb  _InitPieCtrl                    
0     00339c49  _InitPieVectTable               
0     00339576  _InitPll                        
0     00339367  _InitScirs232bGpio              
0     003399dd  _InitSpi                        
0     003399e4  _InitSpiGpio                    
0     003399e7  _InitSpiaGpio                   
0     0033955b  _InitSysCtrl                    
0     003392f8  _Init_3MotorGpio                
0     0033931f  _Init_DACEPWMGpio               
0     00339355  _Init_FMQ_voice                 
0     003392ea  _Init_Gpio_LED                  
0     00339377  _Init_KEY_switch                
0     00339391  _Init_LCD12864_Gpio             
0     0033932d  _Init_QEP_Gpio                  
1     0000c040  _IparkU                         
1     0000c04e  _KEYPare                        
0     00338a1d  _Key_Can                        
0     00338aea  _Key_Dispose                    
0     003381c8  _LCD12864_init                  
0     00338000  _LCD_DATAZHUHUAN                
0     00338025  _LCD_Read                       
0     003389f2  _LUF_ISR                        
0     003389e8  _LVF_ISR                        
0     003381b5  _Lcd_Clera                      
0     0033813a  _Lcd_Read                       
0     00338270  _Lcd_ShowStr                    
0     0033821a  _Lcd_ShowStr1                   
0     003388ee  _MRINTA_ISR                     
0     003388da  _MRINTB_ISR                     
0     003388f8  _MXINTA_ISR                     
0     003388e4  _MXINTB_ISR                     
0     00338d2e  _MainISR                        
1     0000c208  _MainPOld                       
1     00005000  _McbspaRegs                     
1     00005040  _McbspbRegs                     
0     00339cf4  _MemCopy                        
1     0000c20f  _MenuMN                         
1     0000c20d  _MenuMNold                      
1     0000c212  _MenuXY                         
0     0033872c  _NMI_ISR                        
1     0000c20a  _NumR                           
0     00338f9f  _OffsetISR                      
0     003397d7  _PARK_Cale                      
0     00338a09  _PIE_RESERVED                   
0     0033972a  _PI_Controller                  
0     0033978c  _PI_Pare_init                   
0     003392d2  _PWMDAC_int                     
1     0000c000  _PWMStart_Flag                  
1     0000c1b9  _PWM_Deadband                   
1     0000c1b8  _PWM_HalfPerMax                 
1     0000c1ba  _PWM_PeriodMax                  
1     0000c032  _ParkI                          
1     00000ce0  _PieCtrlRegs                    
1     00000d00  _PieVectTable                   
0     00339f7e  _PieVectTableInit               
0     00339092  _QEPEncoder_Cale                
0     00339021  _QEPEncoder_init                
0     00338718  _RTOSINT_ISR                    
0     0032001f  _RamfuncsLoadEnd                
0     00320000  _RamfuncsLoadStart              
0     00008000  _RamfuncsRunStart               
0     00339b1e  _RunSystimer                    
0     00338966  _SCIRXINTA_ISR                  
0     0033897a  _SCIRXINTB_ISR                  
0     00338952  _SCIRXINTC_ISR                  
0     00338970  _SCITXINTA_ISR                  
0     00338984  _SCITXINTB_ISR                  
0     0033895c  _SCITXINTC_ISR                  
0     00339a42  _SCI_RS232TX_sen                
0     003387b8  _SEQ1INT_ISR                    
0     003387c2  _SEQ2INT_ISR                    
0     003388c6  _SPIRXINTA_ISR                  
0     003388d0  _SPITXINTA_ISR                  
0     003392b3  _START_CAR                      
0     00339297  _STOP_CAR                       
0     00339653  _SVPWM_Cale                     
1     0000c0a4  _SVPWM_Control                  
1     00007050  _SciaRegs                       
1     00007750  _ScibRegs                       
1     00007770  _ScicRegs                       
0     00339564  _ServiceDog                     
1     0000c214  _ShowTHrL0_0                    
1     0000c213  _ShowTHrL0_1                    
1     0000c218  _ShowTHrL0_2                    
1     0000c215  _ShowTHrL0_3                    
1     0000c205  _ShowTHrL1_0                    
1     0000c203  _ShowTHrL1_1                    
1     0000c204  _ShowTHrL1_2                    
1     0000c202  _ShowTHrL1_3                    
1     0000c200  _ShowTHrL2_0                    
1     0000c201  _ShowTHrL2_1                    
1     0000c20b  _ShowTHrL2_2                    
1     0000c209  _ShowTHrL2_3                    
1     0000c211  _ShowTWoL0                      
1     0000c20e  _ShowTWoL1                      
1     0000c206  _ShowTWoL1Old                   
1     0000c216  _ShowTWoL2                      
1     0000c207  _ShowTWoL2Old                   
1     0000c217  _ShowTWoL3                      
1     0000c219  _ShowTWoL6                      
1     0000c20c  _ShowTop                        
0     0033836d  _Show_Byte                      
0     0033817f  _Show_Clr_All                   
0     00338488  _Show_Clr_Area                  
0     00338441  _Show_Draw_Run                  
0     0033831f  _Show_Picture                   
0     003383ce  _Show_Picture_Area              
0     0033829e  _Show_Point                     
0     00338bb7  _Show_disp                      
1     0000c0c0  _Speed_QEPPare                  
0     00339101  _Speed_QEP_Cale                 
1     00007040  _SpiaRegs                       
1     0000c06f  _Str1                           
1     0000c080  _Str2                           
1     0000c05e  _Str3                           
0     003384f4  _StrCopyBTA                     
1     0000c1be  _Str_Length                     
0     00339263  _Svpwm_Outpwm                   
1     0000c092  _Svpwmdq                        
1     00007010  _SysCtrlRegs                    
1     0000c1bc  _T                              
0     003387ea  _TINT0_ISR                      
1     0000c024  _TaskTimePare                   
1     0000c158  _TestPare                       
0     00339950  _Timer_Dpie                     
0     003380f1  _TransferData                   
1     0000c1e0  _TrigSel                        
0     0033879a  _USER10_ISR                     
0     003387a4  _USER11_ISR                     
0     003387ae  _USER12_ISR                     
0     00338740  _USER1_ISR                      
0     0033874a  _USER2_ISR                      
0     00338754  _USER3_ISR                      
0     0033875e  _USER4_ISR                      
0     00338768  _USER5_ISR                      
0     00338772  _USER6_ISR                      
0     0033877c  _USER7_ISR                      
0     00338786  _USER8_ISR                      
0     00338790  _USER9_ISR                      
0     003387f4  _WAKEINT_ISR                    
0     003387cc  _XINT1_ISR                      
0     003387d6  _XINT2_ISR                      
0     003389b6  _XINT3_ISR                      
0     003389c0  _XINT4_ISR                      
0     003389ca  _XINT5_ISR                      
0     003389d4  _XINT6_ISR                      
0     003389de  _XINT7_ISR                      
1     00007070  _XIntruptRegs                   
1     00000b20  _XintfRegs                      
0     00328029  __IQ24cosPU                     
0     00328000  __IQ24sinPU                     
1     00000700  __STACK_END                     
abs   00000300  __STACK_SIZE                    
1     0000c1f2  ___TI_cleanup_ptr               
1     0000c1f4  ___TI_dtors_ptr                 
1     0000c1f0  ___TI_enable_exit_profile_output
abs   ffffffff  ___TI_pprof_out_hndl            
abs   ffffffff  ___TI_prof_data_size            
abs   ffffffff  ___TI_prof_data_start           
abs   ffffffff  ___binit__                      
abs   ffffffff  ___c_args__                     
0     00339d23  ___cinit__                      
0     00339d23  ___etext__                      
abs   ffffffff  ___pinit__                      
0     00338000  ___text__                       
0     00339cc2  __args_main                     
1     0000c1f6  __lock                          
0     00339d0f  __nop                           
0     00339d0b  __register_lock                 
0     00339d07  __register_unlock               
1     00000400  __stack                         
0     00339d22  __system_post_cinit             
0     00339d20  __system_pre_init               
1     0000c1f8  __unlock                        
0     00339bb2  _abort                          
1     0000c210  _aim                            
0     00339acf  _atan2                          
0     00339a79  _c_int00                        
0     00339c03  _copy_in                        
0     00339bb4  _exit                           
1     0000c00a  _fix_var                        
0     00339961  _knob_control                   
1     0000c012  _logicContr                     
0     00339846  _main                           
0     00339c88  _memcpy                         
1     0000c21a  _pBuf                           
1     0000c100  _pi_id                          
1     0000c118  _pi_iq                          
1     0000c140  _pi_spd                         
0     00338a13  _rsvd_ISR                       
0     00338582  _sFormatLong                    
0     00339b5a  _scibRxFifoIsr                  
0     00339a22  _scib_fifo_init                 
0     00339a0f  _send_to_SPI                    
0     003399d6  _spi_fifo_init                  
0     003399c2  _spi_init                       
0     003399cf  _spi_xmit                       
0     00338570  _strcpyy                        
0     00339d18  _strlen                         
1     0000c006  _test_var                       
0     0033850b  _utoa                           
1     0000c1bf  _y1old                          
abs   ffffffff  binit                           
0     00339d23  cinit                           
0     0033fff6  code_start                      
0     00339d23  etext                           
abs   ffffffff  pinit                           


GLOBAL SYMBOLS: SORTED BY Symbol Address 

page  address   name                            
----  -------   ----                            
0     00008000  _InitFlash                      
0     00008000  _RamfuncsRunStart               
0     0000801b  _DSP28x_usDelay                 
0     00320000  _RamfuncsLoadStart              
0     0032001f  _RamfuncsLoadEnd                
0     00328000  __IQ24sinPU                     
0     00328029  __IQ24cosPU                     
0     00338000  .text                           
0     00338000  _LCD_DATAZHUHUAN                
0     00338000  ___text__                       
0     00338025  _LCD_Read                       
0     003380f1  _TransferData                   
0     0033813a  _Lcd_Read                       
0     0033815b  _Buy_Read                       
0     0033817f  _Show_Clr_All                   
0     003381b5  _Lcd_Clera                      
0     003381c8  _LCD12864_init                  
0     0033821a  _Lcd_ShowStr1                   
0     00338270  _Lcd_ShowStr                    
0     0033829e  _Show_Point                     
0     0033831f  _Show_Picture                   
0     0033836d  _Show_Byte                      
0     003383ce  _Show_Picture_Area              
0     00338441  _Show_Draw_Run                  
0     00338488  _Show_Clr_Area                  
0     003384f4  _StrCopyBTA                     
0     0033850b  _utoa                           
0     00338570  _strcpyy                        
0     00338582  _sFormatLong                    
0     003386fa  _INT13_ISR                      
0     00338704  _INT14_ISR                      
0     0033870e  _DATALOG_ISR                    
0     00338718  _RTOSINT_ISR                    
0     00338722  _EMUINT_ISR                     
0     0033872c  _NMI_ISR                        
0     00338736  _ILLEGAL_ISR                    
0     00338740  _USER1_ISR                      
0     0033874a  _USER2_ISR                      
0     00338754  _USER3_ISR                      
0     0033875e  _USER4_ISR                      
0     00338768  _USER5_ISR                      
0     00338772  _USER6_ISR                      
0     0033877c  _USER7_ISR                      
0     00338786  _USER8_ISR                      
0     00338790  _USER9_ISR                      
0     0033879a  _USER10_ISR                     
0     003387a4  _USER11_ISR                     
0     003387ae  _USER12_ISR                     
0     003387b8  _SEQ1INT_ISR                    
0     003387c2  _SEQ2INT_ISR                    
0     003387cc  _XINT1_ISR                      
0     003387d6  _XINT2_ISR                      
0     003387e0  _ADCINT_ISR                     
0     003387ea  _TINT0_ISR                      
0     003387f4  _WAKEINT_ISR                    
0     003387fe  _EPWM1_TZINT_ISR                
0     00338808  _EPWM2_TZINT_ISR                
0     00338812  _EPWM3_TZINT_ISR                
0     0033881c  _EPWM4_TZINT_ISR                
0     00338826  _EPWM5_TZINT_ISR                
0     00338830  _EPWM6_TZINT_ISR                
0     0033883a  _EPWM1_INT_ISR                  
0     00338844  _EPWM2_INT_ISR                  
0     0033884e  _EPWM3_INT_ISR                  
0     00338858  _EPWM4_INT_ISR                  
0     00338862  _EPWM5_INT_ISR                  
0     0033886c  _EPWM6_INT_ISR                  
0     00338876  _ECAP1_INT_ISR                  
0     00338880  _ECAP2_INT_ISR                  
0     0033888a  _ECAP3_INT_ISR                  
0     00338894  _ECAP4_INT_ISR                  
0     0033889e  _ECAP5_INT_ISR                  
0     003388a8  _ECAP6_INT_ISR                  
0     003388b2  _EQEP1_INT_ISR                  
0     003388bc  _EQEP2_INT_ISR                  
0     003388c6  _SPIRXINTA_ISR                  
0     003388d0  _SPITXINTA_ISR                  
0     003388da  _MRINTB_ISR                     
0     003388e4  _MXINTB_ISR                     
0     003388ee  _MRINTA_ISR                     
0     003388f8  _MXINTA_ISR                     
0     00338902  _DINTCH1_ISR                    
0     0033890c  _DINTCH2_ISR                    
0     00338916  _DINTCH3_ISR                    
0     00338920  _DINTCH4_ISR                    
0     0033892a  _DINTCH5_ISR                    
0     00338934  _DINTCH6_ISR                    
0     0033893e  _I2CINT1A_ISR                   
0     00338948  _I2CINT2A_ISR                   
0     00338952  _SCIRXINTC_ISR                  
0     0033895c  _SCITXINTC_ISR                  
0     00338966  _SCIRXINTA_ISR                  
0     00338970  _SCITXINTA_ISR                  
0     0033897a  _SCIRXINTB_ISR                  
0     00338984  _SCITXINTB_ISR                  
0     0033898e  _ECAN0INTA_ISR                  
0     00338998  _ECAN1INTA_ISR                  
0     003389a2  _ECAN0INTB_ISR                  
0     003389ac  _ECAN1INTB_ISR                  
0     003389b6  _XINT3_ISR                      
0     003389c0  _XINT4_ISR                      
0     003389ca  _XINT5_ISR                      
0     003389d4  _XINT6_ISR                      
0     003389de  _XINT7_ISR                      
0     003389e8  _LVF_ISR                        
0     003389f2  _LUF_ISR                        
0     003389fc  _EMPTY_ISR                      
0     00338a09  _PIE_RESERVED                   
0     00338a13  _rsvd_ISR                       
0     00338a1d  _Key_Can                        
0     00338aea  _Key_Dispose                    
0     00338bb7  _Show_disp                      
0     00338d2e  _MainISR                        
0     00338f9f  _OffsetISR                      
0     00339021  _QEPEncoder_init                
0     00339092  _QEPEncoder_Cale                
0     00339101  _Speed_QEP_Cale                 
0     00339190  _EPWM3_int                      
0     00339229  _HVDMC_Protection               
0     00339263  _Svpwm_Outpwm                   
0     00339297  _STOP_CAR                       
0     003392b3  _START_CAR                      
0     003392d2  _PWMDAC_int                     
0     003392ea  _Init_Gpio_LED                  
0     003392f8  _Init_3MotorGpio                
0     0033931f  _Init_DACEPWMGpio               
0     0033932d  _Init_QEP_Gpio                  
0     00339355  _Init_FMQ_voice                 
0     00339367  _InitScirs232bGpio              
0     00339377  _Init_KEY_switch                
0     00339391  _Init_LCD12864_Gpio             
0     00339425  _ADC_MACRO_INIT                 
0     003394ba  _ADC_SOC_int                    
0     003394d7  _ADC_Sample                     
0     0033955b  _InitSysCtrl                    
0     00339564  _ServiceDog                     
0     0033956e  _DisableDog                     
0     00339576  _InitPll                        
0     003395c7  _InitPeripheralClocks           
0     00339622  _CsmUnlock                      
0     00339653  _SVPWM_Cale                     
0     0033972a  _PI_Controller                  
0     0033978c  _PI_Pare_init                   
0     003397be  _CLARKE_Cale                    
0     003397d7  _PARK_Cale                      
0     0033980c  _IPARK_Cale                     
0     00339846  _main                           
0     003398cd  FD$$MPY                         
0     00339950  _Timer_Dpie                     
0     00339961  _knob_control                   
0     003399c2  _spi_init                       
0     003399cf  _spi_xmit                       
0     003399d6  _spi_fifo_init                  
0     003399dd  _InitSpi                        
0     003399e4  _InitSpiGpio                    
0     003399e7  _InitSpiaGpio                   
0     00339a0f  _send_to_SPI                    
0     00339a22  _scib_fifo_init                 
0     00339a42  _SCI_RS232TX_sen                
0     00339a79  _c_int00                        
0     00339acf  _atan2                          
0     00339b1e  _RunSystimer                    
0     00339b52  _CLEAR_flag                     
0     00339b5a  _scibRxFifoIsr                  
0     00339b88  L$$DIV                          
0     00339b97  L$$MOD                          
0     00339ba5  UL$$DIV                         
0     00339bac  UL$$MOD                         
0     00339bb2  C$$EXIT                         
0     00339bb2  _abort                          
0     00339bb4  _exit                           
0     00339bdb  _InitPieCtrl                    
0     00339bfa  _EnableInterrupts               
0     00339c03  _copy_in                        
0     00339c27  I$$DIV                          
0     00339c38  I$$MOD                          
0     00339c49  _InitPieVectTable               
0     00339c69  FD$$TOL                         
0     00339c88  _memcpy                         
0     00339ca6  FS$$TOFD                        
0     00339cc2  __args_main                     
0     00339cdb  FS$$DIV                         
0     00339cf4  _MemCopy                        
0     00339d07  __register_unlock               
0     00339d0b  __register_lock                 
0     00339d0f  __nop                           
0     00339d18  _strlen                         
0     00339d20  __system_pre_init               
0     00339d22  __system_post_cinit             
0     00339d23  ___cinit__                      
0     00339d23  ___etext__                      
0     00339d23  cinit                           
0     00339d23  etext                           
0     00339f7e  _PieVectTableInit               
0     0033a15c  _DrawR                          
0     0033fff6  code_start                      
0     00380080  _ADC_cal                        
0     003fe000  _IQsinTable                     
0     003fe100  _IQcosTable                     
0     003fe400  _IQsinTableEnd                  
0     003fe502  _IQcosTableEnd                  
0     003fe502  _IQdivRoundSatTable             
0     003fe510  _IQdivTable                     
0     003fe712  _IQdivTableEnd                  
0     003fe712  _IQisqrtRoundSatTable           
0     003fe712  _IQsqrtRoundSatTable            
0     003fe722  _IQisqrtTable                   
0     003fe722  _IQsqrtTable                    
0     003fe824  _IQatan2HalfPITable             
0     003fe824  _IQisqrtTableEnd                
0     003fe824  _IQsqrtTableEnd                 
0     003fe862  _IQatan2Table                   
0     003fe9e8  _IQ30mpyRndSatTable             
0     003fe9e8  _IQatan2TableEnd                
0     003fe9e8  _IQmpyRndSatTable               
0     003fe9f4  _IQ29mpyRndSatTable             
0     003fea00  _IQ28mpyRndSatTable             
0     003fea0c  _IQ27mpyRndSatTable             
0     003fea18  _IQ26mpyRndSatTable             
0     003fea24  _IQ25mpyRndSatTable             
0     003fea30  _IQ24mpyRndSatTable             
0     003fea3c  _IQ23mpyRndSatTable             
0     003fea48  _IQ22mpyRndSatTable             
0     003fea54  _IQ21mpyRndSatTable             
0     003fea60  _IQ20mpyRndSatTable             
0     003fea6c  _IQ19mpyRndSatTable             
0     003fea78  _IQ18mpyRndSatTable             
0     003fea84  _IQ17mpyRndSatTable             
0     003fea90  _IQ16mpyRndSatTable             
0     003fea9c  _IQ15mpyRndSatTable             
0     003feaa8  _IQ14mpyRndSatTable             
0     003feab4  _IQ13mpyRndSatTable             
0     003feac0  _IQ12mpyRndSatTable             
0     003feacc  _IQ11mpyRndSatTable             
0     003fead8  _IQ10mpyRndSatTable             
0     003feae4  _IQ9mpyRndSatTable              
0     003feaf0  _IQ8mpyRndSatTable              
0     003feafc  _IQ7mpyRndSatTable              
0     003feb08  _IQ6mpyRndSatTable              
0     003feb14  _IQ5mpyRndSatTable              
0     003feb20  _IQ4mpyRndSatTable              
0     003feb2c  _IQ3mpyRndSatTable              
0     003feb38  _IQ2mpyRndSatTable              
0     003feb44  _IQ1mpyRndSatTable              
0     003feb50  _IQmpyRndSatTableEnd            
0     003febdc  _FPUsinTable                    
0     003fecdc  _FPUcosTable                    
0     003fefdc  _FPUsinTableEnd                 
0     003ff0de  _FPUatan2HalfPITable            
0     003ff0de  _FPUcosTableEnd                 
0     003ff0e2  _FPUatan2Table                  
0     003ff268  _FPUatan2TableEnd               
1     00000400  __stack                         
1     00000700  __STACK_END                     
1     00000880  _DevEmuRegs                     
1     00000a80  _FlashRegs                      
1     00000ae0  _CsmRegs                        
1     00000b00  _AdcMirror                      
1     00000b20  _XintfRegs                      
1     00000c00  _CpuTimer0Regs                  
1     00000c08  _CpuTimer1Regs                  
1     00000c10  _CpuTimer2Regs                  
1     00000ce0  _PieCtrlRegs                    
1     00000d00  _PieVectTable                   
1     00001000  _DmaRegs                        
1     00005000  _McbspaRegs                     
1     00005040  _McbspbRegs                     
1     00006000  _ECanaRegs                      
1     00006040  _ECanaLAMRegs                   
1     00006080  _ECanaMOTSRegs                  
1     000060c0  _ECanaMOTORegs                  
1     00006100  _ECanaMboxes                    
1     00006200  _ECanbRegs                      
1     00006240  _ECanbLAMRegs                   
1     00006280  _ECanbMOTSRegs                  
1     000062c0  _ECanbMOTORegs                  
1     00006300  _ECanbMboxes                    
1     00006800  _EPwm1Regs                      
1     00006840  _EPwm2Regs                      
1     00006880  _EPwm3Regs                      
1     000068c0  _EPwm4Regs                      
1     00006900  _EPwm5Regs                      
1     00006940  _EPwm6Regs                      
1     00006a00  _ECap1Regs                      
1     00006a20  _ECap2Regs                      
1     00006a40  _ECap3Regs                      
1     00006a60  _ECap4Regs                      
1     00006a80  _ECap5Regs                      
1     00006aa0  _ECap6Regs                      
1     00006b00  _EQep1Regs                      
1     00006b40  _EQep2Regs                      
1     00006f80  _GpioCtrlRegs                   
1     00006fc0  _GpioDataRegs                   
1     00006fe0  _GpioIntRegs                    
1     00007010  _SysCtrlRegs                    
1     00007040  _SpiaRegs                       
1     00007050  _SciaRegs                       
1     00007070  _XIntruptRegs                   
1     00007100  _AdcRegs                        
1     00007750  _ScibRegs                       
1     00007770  _ScicRegs                       
1     00007900  _I2caRegs                       
1     0000c000  _PWMStart_Flag                  
1     0000c001  _BUS_Curr                       
1     0000c002  _BUS_Curr1                      
1     0000c004  _Angle_Max                      
1     0000c006  _test_var                       
1     0000c008  _Angle_Min                      
1     0000c00a  _fix_var                        
1     0000c00c  _FilK2                          
1     0000c00e  _FilK1                          
1     0000c010  _Fluxgate_Angle                 
1     0000c012  _logicContr                     
1     0000c01a  _ClarkeI                        
1     0000c024  _TaskTimePare                   
1     0000c032  _ParkI                          
1     0000c040  _IparkU                         
1     0000c04e  _KEYPare                        
1     0000c05e  _Str3                           
1     0000c06f  _Str1                           
1     0000c080  _Str2                           
1     0000c092  _Svpwmdq                        
1     0000c0a4  _SVPWM_Control                  
1     0000c0c0  _Speed_QEPPare                  
1     0000c0d4  _EQEPPare                       
1     0000c100  _pi_id                          
1     0000c118  _pi_iq                          
1     0000c140  _pi_spd                         
1     0000c158  _TestPare                       
1     0000c180  _ADCSampPare                    
1     0000c1a0  _CpuTimer1                      
1     0000c1a8  _CpuTimer2                      
1     0000c1b0  _CpuTimer0                      
1     0000c1b8  _PWM_HalfPerMax                 
1     0000c1b9  _PWM_Deadband                   
1     0000c1ba  _PWM_PeriodMax                  
1     0000c1bc  _T                              
1     0000c1be  _Str_Length                     
1     0000c1bf  _y1old                          
1     0000c1c0  _ChSel                          
1     0000c1d0  _ACQPS                          
1     0000c1e0  _TrigSel                        
1     0000c1f0  ___TI_enable_exit_profile_output
1     0000c1f2  ___TI_cleanup_ptr               
1     0000c1f4  ___TI_dtors_ptr                 
1     0000c1f6  __lock                          
1     0000c1f8  __unlock                        
1     0000c200  _ShowTHrL2_0                    
1     0000c201  _ShowTHrL2_1                    
1     0000c202  _ShowTHrL1_3                    
1     0000c203  _ShowTHrL1_1                    
1     0000c204  _ShowTHrL1_2                    
1     0000c205  _ShowTHrL1_0                    
1     0000c206  _ShowTWoL1Old                   
1     0000c207  _ShowTWoL2Old                   
1     0000c208  _MainPOld                       
1     0000c209  _ShowTHrL2_3                    
1     0000c20a  _NumR                           
1     0000c20b  _ShowTHrL2_2                    
1     0000c20c  _ShowTop                        
1     0000c20d  _MenuMNold                      
1     0000c20e  _ShowTWoL1                      
1     0000c20f  _MenuMN                         
1     0000c210  _aim                            
1     0000c211  _ShowTWoL0                      
1     0000c212  _MenuXY                         
1     0000c213  _ShowTHrL0_1                    
1     0000c214  _ShowTHrL0_0                    
1     0000c215  _ShowTHrL0_3                    
1     0000c216  _ShowTWoL2                      
1     0000c217  _ShowTWoL3                      
1     0000c218  _ShowTHrL0_2                    
1     0000c219  _ShowTWoL6                      
1     0000c21a  _pBuf                           
1     0033fff8  _CsmPwl                         
abs   00000300  __STACK_SIZE                    
abs   ffffffff  ___TI_pprof_out_hndl            
abs   ffffffff  ___TI_prof_data_size            
abs   ffffffff  ___TI_prof_data_start           
abs   ffffffff  ___binit__                      
abs   ffffffff  ___c_args__                     
abs   ffffffff  ___pinit__                      
abs   ffffffff  binit                           
abs   ffffffff  pinit                           

[384 symbols]
